---
source: ella-parser/src/parser/stmt.rs
expression: "stmt(\"fn foo(a, b, c) { a + b + c; }\")"
---
Stmt {
    kind: FnDeclaration {
        ident: "foo",
        params: [
            "a",
            "b",
            "c",
        ],
        body: [
            Stmt {
                kind: ExprStmt(
                    Expr {
                        kind: Binary {
                            lhs: Expr {
                                kind: Binary {
                                    lhs: Expr {
                                        kind: Identifier(
                                            "a",
                                        ),
                                        span: 18..19,
                                    },
                                    op: Plus,
                                    rhs: Expr {
                                        kind: Identifier(
                                            "b",
                                        ),
                                        span: 22..23,
                                    },
                                },
                                span: 18..23,
                            },
                            op: Plus,
                            rhs: Expr {
                                kind: Identifier(
                                    "c",
                                ),
                                span: 26..27,
                            },
                        },
                        span: 18..27,
                    },
                ),
                span: 18..28,
            },
        ],
    },
    span: 0..30,
}
