---
source: ella-parser/src/parser/stmt.rs
expression: "stmt(\"{ 1; 2; { 3; } }\")"
---
Block(
    [
        ExprStmt(
            Expr {
                kind: NumberLit(
                    1.0,
                ),
                span: 2..3,
            },
        ),
        ExprStmt(
            Expr {
                kind: NumberLit(
                    2.0,
                ),
                span: 5..6,
            },
        ),
        Block(
            [
                ExprStmt(
                    Expr {
                        kind: NumberLit(
                            3.0,
                        ),
                        span: 10..11,
                    },
                ),
            ],
        ),
    ],
)
