---
source: ella-parser/src/parser/stmt.rs
expression: "stmt(\"{ 1; 2; }\")"
---
Block(
    [
        ExprStmt(
            Expr {
                kind: NumberLit(
                    1.0,
                ),
                span: 2..3,
            },
        ),
        ExprStmt(
            Expr {
                kind: NumberLit(
                    2.0,
                ),
                span: 5..6,
            },
        ),
    ],
)
